[debug] [2026-04-20T12:22:17.496Z] ----------------------------------------------------------------------
[debug] [2026-04-20T12:22:17.497Z] Command:       C:\Program Files\nodejs\node.exe C:\Users\Administrator\AppData\Roaming\npm\node_modules\firebase-tools\lib\bin\firebase.js auth:export C:/Users/ADMINI~1/AppData/Local/Temp/users.json --format=json --project reg-training-tool
[debug] [2026-04-20T12:22:17.497Z] CLI Version:   15.5.1
[debug] [2026-04-20T12:22:17.498Z] Platform:      win32
[debug] [2026-04-20T12:22:17.498Z] Node Version:  v22.16.0
[debug] [2026-04-20T12:22:17.498Z] Time:          Mon Apr 20 2026 20:22:17 GMT+0800 (China Standard Time)
[debug] [2026-04-20T12:22:17.498Z] ----------------------------------------------------------------------
[debug] 
[debug] [2026-04-20T12:22:17.507Z] > command requires scopes: ["email","openid","https://www.googleapis.com/auth/cloudplatformprojects.readonly","https://www.googleapis.com/auth/firebase","https://www.googleapis.com/auth/cloud-platform"]
[debug] [2026-04-20T12:22:17.507Z] > authorizing via signed-in user (resulteducationgroup@gmail.com)
[debug] [2026-04-20T12:22:17.507Z] [iam] checking project reg-training-tool for permissions ["firebase.projects.get","firebaseauth.users.get"]
[debug] [2026-04-20T12:22:17.508Z] Checked if tokens are valid: false, expires at: 1776618928766
[debug] [2026-04-20T12:22:17.508Z] Checked if tokens are valid: false, expires at: 1776618928766
[debug] [2026-04-20T12:22:17.508Z] > refreshing access token with scopes: []
[debug] [2026-04-20T12:22:17.509Z] >>> [apiv2][query] POST https://www.googleapis.com/oauth2/v3/token [none]
[debug] [2026-04-20T12:22:17.509Z] >>> [apiv2][body] POST https://www.googleapis.com/oauth2/v3/token [omitted]
[debug] [2026-04-20T12:22:29.529Z] <<< [apiv2][status] POST https://www.googleapis.com/oauth2/v3/token 200
[debug] [2026-04-20T12:22:29.529Z] <<< [apiv2][body] POST https://www.googleapis.com/oauth2/v3/token [omitted]
[debug] [2026-04-20T12:22:29.545Z] >>> [apiv2][query] POST https://cloudresourcemanager.googleapis.com/v1/projects/reg-training-tool:testIamPermissions [none]
[debug] [2026-04-20T12:22:29.545Z] >>> [apiv2][(partial)header] POST https://cloudresourcemanager.googleapis.com/v1/projects/reg-training-tool:testIamPermissions  x-goog-user-project=reg-training-tool
[debug] [2026-04-20T12:22:29.545Z] >>> [apiv2][body] POST https://cloudresourcemanager.googleapis.com/v1/projects/reg-training-tool:testIamPermissions {"permissions":["firebase.projects.get","firebaseauth.users.get"]}
[debug] [2026-04-20T12:22:30.767Z] <<< [apiv2][status] POST https://cloudresourcemanager.googleapis.com/v1/projects/reg-training-tool:testIamPermissions 200
[debug] [2026-04-20T12:22:30.767Z] <<< [apiv2][body] POST https://cloudresourcemanager.googleapis.com/v1/projects/reg-training-tool:testIamPermissions {"permissions":["firebase.projects.get","firebaseauth.users.get"]}
[info] Exporting accounts to C:/Users/ADMINI~1/AppData/Local/Temp/users.json
[debug] [2026-04-20T12:22:30.768Z] Checked if tokens are valid: true, expires at: 1776691348529
[debug] [2026-04-20T12:22:30.768Z] Checked if tokens are valid: true, expires at: 1776691348529
[debug] [2026-04-20T12:22:30.768Z] >>> [apiv2][query] POST https://www.googleapis.com/identitytoolkit/v3/relyingparty/downloadAccount [none]
[debug] [2026-04-20T12:22:30.768Z] >>> [apiv2][body] POST https://www.googleapis.com/identitytoolkit/v3/relyingparty/downloadAccount {"targetProjectId":"reg-training-tool","maxResults":1000}
[debug] [2026-04-20T12:22:31.093Z] <<< [apiv2][status] POST https://www.googleapis.com/identitytoolkit/v3/relyingparty/downloadAccount 200
[debug] [2026-04-20T12:22:31.093Z] <<< [apiv2][body] POST https://www.googleapis.com/identitytoolkit/v3/relyingparty/downloadAccount [omitted]
[info] +  Exported 102 account(s) successfully. 
[debug] [2026-04-20T12:22:41.136Z] Error: Timed out.
    at Timeout._onTimeout (C:\Users\Administrator\AppData\Roaming\npm\node_modules\firebase-tools\lib\utils.js:308:49)
    at listOnTimeout (node:internal/timers:588:17)
    at process.processTimers (node:internal/timers:523:7)
[error] 
[error] Error: An unexpected error has occurred.
[debug] [2026-04-20T12:22:52.025Z] ----------------------------------------------------------------------
[debug] [2026-04-20T12:22:52.026Z] Command:       C:\Program Files\nodejs\node.exe C:\Users\Administrator\AppData\Roaming\npm\node_modules\firebase-tools\lib\bin\firebase.js auth:import C:/Users/ADMINI~1/AppData/Local/Temp/users.json --project pot-limit-trainer
[debug] [2026-04-20T12:22:52.027Z] CLI Version:   15.5.1
[debug] [2026-04-20T12:22:52.027Z] Platform:      win32
[debug] [2026-04-20T12:22:52.027Z] Node Version:  v22.16.0
[debug] [2026-04-20T12:22:52.027Z] Time:          Mon Apr 20 2026 20:22:52 GMT+0800 (China Standard Time)
[debug] [2026-04-20T12:22:52.027Z] ----------------------------------------------------------------------
[debug] 
[debug] [2026-04-20T12:22:52.048Z] > command requires scopes: ["email","openid","https://www.googleapis.com/auth/cloudplatformprojects.readonly","https://www.googleapis.com/auth/firebase","https://www.googleapis.com/auth/cloud-platform"]
[debug] [2026-04-20T12:22:52.049Z] > authorizing via signed-in user (resulteducationgroup@gmail.com)
[debug] [2026-04-20T12:22:52.049Z] [iam] checking project pot-limit-trainer for permissions ["firebase.projects.get","firebaseauth.users.create","firebaseauth.users.update"]
[debug] [2026-04-20T12:22:52.049Z] Checked if tokens are valid: true, expires at: 1776691348529
[debug] [2026-04-20T12:22:52.050Z] Checked if tokens are valid: true, expires at: 1776691348529
[debug] [2026-04-20T12:22:52.050Z] >>> [apiv2][query] POST https://cloudresourcemanager.googleapis.com/v1/projects/pot-limit-trainer:testIamPermissions [none]
[debug] [2026-04-20T12:22:52.050Z] >>> [apiv2][(partial)header] POST https://cloudresourcemanager.googleapis.com/v1/projects/pot-limit-trainer:testIamPermissions  x-goog-user-project=pot-limit-trainer
[debug] [2026-04-20T12:22:52.050Z] >>> [apiv2][body] POST https://cloudresourcemanager.googleapis.com/v1/projects/pot-limit-trainer:testIamPermissions {"permissions":["firebase.projects.get","firebaseauth.users.create","firebaseauth.users.update"]}
[debug] [2026-04-20T12:22:53.178Z] <<< [apiv2][status] POST https://cloudresourcemanager.googleapis.com/v1/projects/pot-limit-trainer:testIamPermissions 200
[debug] [2026-04-20T12:22:53.178Z] <<< [apiv2][body] POST https://cloudresourcemanager.googleapis.com/v1/projects/pot-limit-trainer:testIamPermissions {"permissions":["firebase.projects.get","firebaseauth.users.create","firebaseauth.users.update"]}
[warn] !  No hash algorithm specified. Password users cannot be imported. 
[info] Processing C:/Users/ADMINI~1/AppData/Local/Temp/users.json (53974 bytes)
[debug] [2026-04-20T12:22:53.201Z] Preparing to import 102 user records in 1 batches.
[info] Starting importing 102 account(s).
[debug] [2026-04-20T12:22:53.202Z] Checked if tokens are valid: true, expires at: 1776691348529
[debug] [2026-04-20T12:22:53.202Z] Checked if tokens are valid: true, expires at: 1776691348529
[debug] [2026-04-20T12:22:53.203Z] >>> [apiv2][query] POST https://www.googleapis.com/identitytoolkit/v3/relyingparty/uploadAccount [none]
[debug] [2026-04-20T12:22:53.203Z] >>> [apiv2][body] POST https://www.googleapis.com/identitytoolkit/v3/relyingparty/uploadAccount [omitted]
[debug] [2026-04-20T12:22:54.746Z] <<< [apiv2][status] POST https://www.googleapis.com/identitytoolkit/v3/relyingparty/uploadAccount 200
[debug] [2026-04-20T12:22:54.746Z] <<< [apiv2][body] POST https://www.googleapis.com/identitytoolkit/v3/relyingparty/uploadAccount {"kind":"identitytoolkit#UploadAccountResponse"}
[info] +  Imported successfully. 
[info] 
[debug] [2026-04-20T12:23:04.767Z] Error: Timed out.
    at Timeout._onTimeout (C:\Users\Administrator\AppData\Roaming\npm\node_modules\firebase-tools\lib\utils.js:308:49)
    at listOnTimeout (node:internal/timers:588:17)
    at process.processTimers (node:internal/timers:523:7)
[error] 
[error] Error: An unexpected error has occurred.
[debug] [2026-04-20T12:23:21.454Z] ----------------------------------------------------------------------
[debug] [2026-04-20T12:23:21.455Z] Command:       C:\Program Files\nodejs\node.exe C:\Users\Administrator\AppData\Roaming\npm\node_modules\firebase-tools\lib\bin\firebase.js auth:export C:/Users/ADMINI~1/AppData/Local/Temp/verify_users.json --format=json --project pot-limit-trainer
[debug] [2026-04-20T12:23:21.456Z] CLI Version:   15.5.1
[debug] [2026-04-20T12:23:21.456Z] Platform:      win32
[debug] [2026-04-20T12:23:21.456Z] Node Version:  v22.16.0
[debug] [2026-04-20T12:23:21.456Z] Time:          Mon Apr 20 2026 20:23:21 GMT+0800 (China Standard Time)
[debug] [2026-04-20T12:23:21.456Z] ----------------------------------------------------------------------
[debug] 
[debug] [2026-04-20T12:23:21.463Z] > command requires scopes: ["email","openid","https://www.googleapis.com/auth/cloudplatformprojects.readonly","https://www.googleapis.com/auth/firebase","https://www.googleapis.com/auth/cloud-platform"]
[debug] [2026-04-20T12:23:21.463Z] > authorizing via signed-in user (resulteducationgroup@gmail.com)
[debug] [2026-04-20T12:23:21.463Z] [iam] checking project pot-limit-trainer for permissions ["firebase.projects.get","firebaseauth.users.get"]
[debug] [2026-04-20T12:23:21.464Z] Checked if tokens are valid: true, expires at: 1776691348529
[debug] [2026-04-20T12:23:21.464Z] Checked if tokens are valid: true, expires at: 1776691348529
[debug] [2026-04-20T12:23:21.464Z] >>> [apiv2][query] POST https://cloudresourcemanager.googleapis.com/v1/projects/pot-limit-trainer:testIamPermissions [none]
[debug] [2026-04-20T12:23:21.464Z] >>> [apiv2][(partial)header] POST https://cloudresourcemanager.googleapis.com/v1/projects/pot-limit-trainer:testIamPermissions  x-goog-user-project=pot-limit-trainer
[debug] [2026-04-20T12:23:21.464Z] >>> [apiv2][body] POST https://cloudresourcemanager.googleapis.com/v1/projects/pot-limit-trainer:testIamPermissions {"permissions":["firebase.projects.get","firebaseauth.users.get"]}
[debug] [2026-04-20T12:23:22.577Z] <<< [apiv2][status] POST https://cloudresourcemanager.googleapis.com/v1/projects/pot-limit-trainer:testIamPermissions 200
[debug] [2026-04-20T12:23:22.577Z] <<< [apiv2][body] POST https://cloudresourcemanager.googleapis.com/v1/projects/pot-limit-trainer:testIamPermissions {"permissions":["firebase.projects.get","firebaseauth.users.get"]}
[info] Exporting accounts to C:/Users/ADMINI~1/AppData/Local/Temp/verify_users.json
[debug] [2026-04-20T12:23:22.578Z] Checked if tokens are valid: true, expires at: 1776691348529
[debug] [2026-04-20T12:23:22.579Z] Checked if tokens are valid: true, expires at: 1776691348529
[debug] [2026-04-20T12:23:22.579Z] >>> [apiv2][query] POST https://www.googleapis.com/identitytoolkit/v3/relyingparty/downloadAccount [none]
[debug] [2026-04-20T12:23:22.579Z] >>> [apiv2][body] POST https://www.googleapis.com/identitytoolkit/v3/relyingparty/downloadAccount {"targetProjectId":"pot-limit-trainer","maxResults":1000}
[debug] [2026-04-20T12:23:23.614Z] <<< [apiv2][status] POST https://www.googleapis.com/identitytoolkit/v3/relyingparty/downloadAccount 200
[debug] [2026-04-20T12:23:23.615Z] <<< [apiv2][body] POST https://www.googleapis.com/identitytoolkit/v3/relyingparty/downloadAccount [omitted]
[info] +  Exported 102 account(s) successfully. 
[debug] [2026-04-20T12:23:33.642Z] Error: Timed out.
    at Timeout._onTimeout (C:\Users\Administrator\AppData\Roaming\npm\node_modules\firebase-tools\lib\utils.js:308:49)
    at listOnTimeout (node:internal/timers:588:17)
    at process.processTimers (node:internal/timers:523:7)
[error] 
[error] Error: An unexpected error has occurred.
[debug] [2026-04-20T12:26:02.458Z] ----------------------------------------------------------------------
[debug] [2026-04-20T12:26:02.460Z] Command:       C:\Program Files\nodejs\node.exe C:\Users\Administrator\AppData\Roaming\npm\node_modules\firebase-tools\lib\bin\firebase.js auth:export C:/Users/ADMINI~1/AppData/Local/Temp/users_with_hash.json --format=json --project reg-training-tool
[debug] [2026-04-20T12:26:02.460Z] CLI Version:   15.5.1
[debug] [2026-04-20T12:26:02.460Z] Platform:      win32
[debug] [2026-04-20T12:26:02.460Z] Node Version:  v22.16.0
[debug] [2026-04-20T12:26:02.460Z] Time:          Mon Apr 20 2026 20:26:02 GMT+0800 (China Standard Time)
[debug] [2026-04-20T12:26:02.460Z] ----------------------------------------------------------------------
[debug] 
[debug] [2026-04-20T12:26:02.467Z] > command requires scopes: ["email","openid","https://www.googleapis.com/auth/cloudplatformprojects.readonly","https://www.googleapis.com/auth/firebase","https://www.googleapis.com/auth/cloud-platform"]
[debug] [2026-04-20T12:26:02.467Z] > authorizing via signed-in user (resulteducationgroup@gmail.com)
[debug] [2026-04-20T12:26:02.468Z] [iam] checking project reg-training-tool for permissions ["firebase.projects.get","firebaseauth.users.get"]
[debug] [2026-04-20T12:26:02.468Z] Checked if tokens are valid: true, expires at: 1776691348529
[debug] [2026-04-20T12:26:02.468Z] Checked if tokens are valid: true, expires at: 1776691348529
[debug] [2026-04-20T12:26:02.469Z] >>> [apiv2][query] POST https://cloudresourcemanager.googleapis.com/v1/projects/reg-training-tool:testIamPermissions [none]
[debug] [2026-04-20T12:26:02.469Z] >>> [apiv2][(partial)header] POST https://cloudresourcemanager.googleapis.com/v1/projects/reg-training-tool:testIamPermissions  x-goog-user-project=reg-training-tool
[debug] [2026-04-20T12:26:02.469Z] >>> [apiv2][body] POST https://cloudresourcemanager.googleapis.com/v1/projects/reg-training-tool:testIamPermissions {"permissions":["firebase.projects.get","firebaseauth.users.get"]}
[debug] [2026-04-20T12:26:03.726Z] <<< [apiv2][status] POST https://cloudresourcemanager.googleapis.com/v1/projects/reg-training-tool:testIamPermissions 200
[debug] [2026-04-20T12:26:03.727Z] <<< [apiv2][body] POST https://cloudresourcemanager.googleapis.com/v1/projects/reg-training-tool:testIamPermissions {"permissions":["firebase.projects.get","firebaseauth.users.get"]}
[info] Exporting accounts to C:/Users/ADMINI~1/AppData/Local/Temp/users_with_hash.json
[debug] [2026-04-20T12:26:03.728Z] Checked if tokens are valid: true, expires at: 1776691348529
[debug] [2026-04-20T12:26:03.728Z] Checked if tokens are valid: true, expires at: 1776691348529
[debug] [2026-04-20T12:26:03.728Z] >>> [apiv2][query] POST https://www.googleapis.com/identitytoolkit/v3/relyingparty/downloadAccount [none]
[debug] [2026-04-20T12:26:03.728Z] >>> [apiv2][body] POST https://www.googleapis.com/identitytoolkit/v3/relyingparty/downloadAccount {"targetProjectId":"reg-training-tool","maxResults":1000}
[debug] [2026-04-20T12:26:05.126Z] <<< [apiv2][status] POST https://www.googleapis.com/identitytoolkit/v3/relyingparty/downloadAccount 200
[debug] [2026-04-20T12:26:05.126Z] <<< [apiv2][body] POST https://www.googleapis.com/identitytoolkit/v3/relyingparty/downloadAccount [omitted]
[info] +  Exported 102 account(s) successfully. 
[debug] [2026-04-20T12:26:15.145Z] Error: Timed out.
    at Timeout._onTimeout (C:\Users\Administrator\AppData\Roaming\npm\node_modules\firebase-tools\lib\utils.js:308:49)
    at listOnTimeout (node:internal/timers:588:17)
    at process.processTimers (node:internal/timers:523:7)
[error] 
[error] Error: An unexpected error has occurred.
[debug] [2026-04-20T12:28:23.053Z] ----------------------------------------------------------------------
[debug] [2026-04-20T12:28:23.055Z] Command:       C:\Program Files\nodejs\node.exe C:\Users\Administrator\AppData\Roaming\npm\node_modules\firebase-tools\lib\bin\firebase.js auth:import C:/Users/ADMINI~1/AppData/Local/Temp/users_with_hash.json --project pot-limit-trainer --hash-algo=SCRYPT --hash-key=MMPkH9C7KXVkq+sXiIO8jh7evCiSIKBfuTdh1Ec9LgYDipcx4XJEd66xUSJx9A6o+DiQUf/Uy86w468ioitXSQ== --salt-separator=Bw== --rounds=8 --mem-cost=14
[debug] [2026-04-20T12:28:23.055Z] CLI Version:   15.5.1
[debug] [2026-04-20T12:28:23.055Z] Platform:      win32
[debug] [2026-04-20T12:28:23.055Z] Node Version:  v22.16.0
[debug] [2026-04-20T12:28:23.055Z] Time:          Mon Apr 20 2026 20:28:23 GMT+0800 (China Standard Time)
[debug] [2026-04-20T12:28:23.055Z] ----------------------------------------------------------------------
[debug] 
[debug] [2026-04-20T12:28:23.068Z] > command requires scopes: ["email","openid","https://www.googleapis.com/auth/cloudplatformprojects.readonly","https://www.googleapis.com/auth/firebase","https://www.googleapis.com/auth/cloud-platform"]
[debug] [2026-04-20T12:28:23.068Z] > authorizing via signed-in user (resulteducationgroup@gmail.com)
[debug] [2026-04-20T12:28:23.068Z] [iam] checking project pot-limit-trainer for permissions ["firebase.projects.get","firebaseauth.users.create","firebaseauth.users.update"]
[debug] [2026-04-20T12:28:23.069Z] Checked if tokens are valid: true, expires at: 1776691348529
[debug] [2026-04-20T12:28:23.069Z] Checked if tokens are valid: true, expires at: 1776691348529
[debug] [2026-04-20T12:28:23.069Z] >>> [apiv2][query] POST https://cloudresourcemanager.googleapis.com/v1/projects/pot-limit-trainer:testIamPermissions [none]
[debug] [2026-04-20T12:28:23.069Z] >>> [apiv2][(partial)header] POST https://cloudresourcemanager.googleapis.com/v1/projects/pot-limit-trainer:testIamPermissions  x-goog-user-project=pot-limit-trainer
[debug] [2026-04-20T12:28:23.070Z] >>> [apiv2][body] POST https://cloudresourcemanager.googleapis.com/v1/projects/pot-limit-trainer:testIamPermissions {"permissions":["firebase.projects.get","firebaseauth.users.create","firebaseauth.users.update"]}
[debug] [2026-04-20T12:28:24.215Z] <<< [apiv2][status] POST https://cloudresourcemanager.googleapis.com/v1/projects/pot-limit-trainer:testIamPermissions 200
[debug] [2026-04-20T12:28:24.215Z] <<< [apiv2][body] POST https://cloudresourcemanager.googleapis.com/v1/projects/pot-limit-trainer:testIamPermissions {"permissions":["firebase.projects.get","firebaseauth.users.create","firebaseauth.users.update"]}
[info] Processing C:/Users/ADMINI~1/AppData/Local/Temp/users_with_hash.json (53974 bytes)
[debug] [2026-04-20T12:28:24.245Z] Preparing to import 102 user records in 1 batches.
[info] Starting importing 102 account(s).
[debug] [2026-04-20T12:28:24.246Z] Checked if tokens are valid: true, expires at: 1776691348529
[debug] [2026-04-20T12:28:24.246Z] Checked if tokens are valid: true, expires at: 1776691348529
[debug] [2026-04-20T12:28:24.247Z] >>> [apiv2][query] POST https://www.googleapis.com/identitytoolkit/v3/relyingparty/uploadAccount [none]
[debug] [2026-04-20T12:28:24.247Z] >>> [apiv2][body] POST https://www.googleapis.com/identitytoolkit/v3/relyingparty/uploadAccount [omitted]
[debug] [2026-04-20T12:28:25.746Z] <<< [apiv2][status] POST https://www.googleapis.com/identitytoolkit/v3/relyingparty/uploadAccount 200
[debug] [2026-04-20T12:28:25.746Z] <<< [apiv2][body] POST https://www.googleapis.com/identitytoolkit/v3/relyingparty/uploadAccount {"kind":"identitytoolkit#UploadAccountResponse"}
[info] +  Imported successfully. 
[info] 
[debug] [2026-04-20T12:28:35.778Z] Error: Timed out.
    at Timeout._onTimeout (C:\Users\Administrator\AppData\Roaming\npm\node_modules\firebase-tools\lib\utils.js:308:49)
    at listOnTimeout (node:internal/timers:588:17)
    at process.processTimers (node:internal/timers:523:7)
[error] 
[error] Error: An unexpected error has occurred.
